tools/list: 224 tools discovered
[+] PASS  SAFE get_me                              180ms 
[+] PASS  SAFE search                              385ms 
[+] PASS  SAFE get_user_playlists                  182ms 
[+] PASS  SAFE get_now_playing                     131ms 
[+] PASS  SAFE get_currently_playing               159ms 
[-] SKIP  MUTATING play_from_search                0ms mutating; not in --include-mutating allowlist
[-] SKIP  MUTATING play                            0ms mutating; not in --include-mutating allowlist
[-] SKIP  MUTATING pause                           0ms mutating; not in --include-mutating allowlist
[-] SKIP  MUTATING skip_next                       0ms mutating; not in --include-mutating allowlist
[-] SKIP  MUTATING skip_previous                   0ms mutating; not in --include-mutating allowlist
[-] SKIP  MUTATING seek                            0ms mutating; not in --include-mutating allowlist
[-] SKIP  MUTATING set_volume                      0ms mutating; not in --include-mutating allowlist
[-] SKIP  MUTATING set_shuffle                     0ms mutating; not in --include-mutating allowlist
[-] SKIP  MUTATING set_repeat                      0ms mutating; not in --include-mutating allowlist
[+] PASS  SAFE get_queue                           193ms 
[-] SKIP  MUTATING add_to_queue                    0ms mutating; not in --include-mutating allowlist
[+] PASS  SAFE get_devices                         69ms 
[-] SKIP  MUTATING transfer_playback               0ms mutating; not in --include-mutating allowlist
[-] SKIP  SAFE handoff                             0ms missing prereq from seed reads
[+] PASS  SAFE search                              336ms 
[+] PASS  SAFE get_track                           115ms 
[+] PASS  SAFE get_artist                          77ms 
[+] PASS  SAFE get_artist_albums                   77ms 
[x] FAIL  SAFE get_album                           120000ms timeout: tools/call
