=== sweep batch 1/30 (2026-08-27T08:36:12Z) — report: memory/live-sweep-report.json ===
=== sweep batch 1/30 (2026-08-27T09:09:26Z) — report: memory/live-sweep-report.json ===
[+] PASS  SAFE get_artist_albums                   59ms 
[x] FAIL  SAFE get_album                           119999ms timeout: tools/call
[x] FAIL  SAFE get_album_tracks                    120099ms timeout: tools/call
[x] FAIL  SAFE get_show                            120071ms timeout: tools/call
QUOTA_WALL: 3 consecutive failures — aborting this batch; sweep-loop will back off
batch run finished after 7 calls (14 resumed, 12 recorded this run)

=== LIVE GAUNTLET SUMMARY ===
STATUS CLASS     TOOL
PASS   SAFE      get_me
PASS   SAFE      search
PASS   SAFE      get_user_playlists
PASS   SAFE      get_devices
SKIP   MUTATING  transfer_playback  — mutating; not in --include-mutating allowlist
SKIP   SAFE      handoff  — missing prereq from seed reads
PASS   SAFE      get_track
PASS   SAFE      get_artist
PASS   SAFE      get_artist_albums
FAIL   SAFE      get_album  — timeout: tools/call
FAIL   SAFE      get_album_tracks  — timeout: tools/call
FAIL   SAFE      get_show  — timeout: tools/call

10 passed / 3 failed / 12 skipped  (15 calls incl. seeds)
mutations performed: NONE
JSON report written to memory/live-sweep-report.json
batch 1: quota wall detected — backing off 3600s
=== sweep batch 2/30 (2026-08-27T10:15:28Z) — report: memory/live-sweep-report.json ===
PASS   SAFE      get_user_profile  — tool answered but snippet suggests app-registration gating (403/Forbidden/removed)
PASS   SAFE      get_user_playlists_by_id  — tool answered but snippet suggests app-registration gating (403/Forbidden/removed)
PASS   SAFE      get_saved_tracks
PASS   SAFE      get_saved_albums
PASS   SAFE      get_saved_shows
PASS   SAFE      get_saved_episodes
SKIP   MUTATING  save_items  — mutating; not in --include-mutating allowlist
SKIP   MUTATING  remove_saved_items  — mutating; not in --include-mutating allowlist
PASS   SAFE      check_saved_items  — tool answered but snippet suggests app-registration gating (403/Forbidden/removed)
SKIP   MUTATING  save_to_library  — mutating; not in --include-mutating allowlist
SKIP   MUTATING  remove_from_library  — mutating; not in --include-mutating allowlist
SKIP   SAFE      get_saved_counts  — missing prereq from seed reads
SKIP   SAFE      search_saved_albums  — missing prereq from seed reads
SKIP   SAFE      search_saved_shows  — missing prereq from seed reads
SKIP   SAFE      search_saved_episodes  — missing prereq from seed reads
SKIP   SAFE      search_saved_audiobooks  — missing prereq from seed reads
PASS   SAFE      check_in_library
SKIP   SAFE      search_saved_tracks  — missing prereq from seed reads
PASS   SAFE      merge_playlists
PASS   SAFE      diff_playlists
PASS   SAFE      overlap_playlists

50 passed / 0 failed / 148 skipped  (182 calls incl. seeds)
mutations performed: NONE
JSON report written to memory/live-sweep-report.json
batch 2 exit=0; sleeping 1800s before next batch
=== sweep batch 3/30 (2026-08-27T10:45:46Z) — report: memory/live-sweep-report.json ===
QUOTA_WALL: 3 consecutive failures — aborting this batch; sweep-loop will back off
batch run finished after 8 calls (196 resumed, 16 recorded this run)

=== LIVE GAUNTLET SUMMARY ===
STATUS CLASS     TOOL
PASS   SAFE      get_me
PASS   SAFE      search
PASS   SAFE      get_user_playlists
PASS   SAFE      grow_playlist  — tool answered but snippet suggests app-registration gating (403/Forbidden/removed)
SKIP   SAFE      export_playlist  — missing prereq from seed reads
SKIP   SAFE      import_playlist  — missing prereq from seed reads
SKIP   SAFE      create_smart_playlist  — missing prereq from seed reads
SKIP   SAFE      show_new_episodes  — missing prereq from seed reads
SKIP   SAFE      find_duplicate_saved_tracks  — missing prereq from seed reads
PASS   SAFE      library_genre_report
PASS   SAFE      filter_by_genre
PASS   SAFE      tag_management
PASS   SAFE      whats_new
FAIL   SAFE      search_deep  — timeout: tools/call
FAIL   SAFE      plan_podcast_session  — timeout: tools/call
FAIL   SAFE      start_podcast_session  — timeout: tools/call

55 passed / 3 failed / 153 skipped  (19 calls incl. seeds)
mutations performed: NONE
JSON report written to memory/live-sweep-report.json
batch 3: quota wall detected — backing off 3600s
=== sweep batch 4/30 (2026-08-27T11:51:49Z) — report: memory/live-sweep-report.json ===
=== LIVE GAUNTLET SUMMARY ===
STATUS CLASS     TOOL
PASS   SAFE      get_me
PASS   SAFE      search
PASS   SAFE      get_user_playlists
PASS   SAFE      search_deep
PASS   SAFE      plan_podcast_session
PASS   SAFE      start_podcast_session
PASS   SAFE      list_all_chapters
SKIP   SAFE      jump_to_chapter  — mutating adjacent — requires device; covered by list_all_chapters instead
PASS   SAFE      where_was_i
SKIP   SAFE      save_scene  — MUTATING-ADJACENT (writes sidecar); not exercised by the safe sweep
PASS   SAFE      list_scenes
SKIP   SAFE      delete_scene  — MUTATING-ADJACENT (writes sidecar); not exercised by the safe sweep
SKIP   SAFE      apply_scene  — needs a saved scene; covered by list_scenes/save_scene instead
SKIP   SAFE      schedule_wind_down  — MUTATING-ADJACENT (arms timers + volume changes)
SKIP   SAFE      cancel_wind_down  — no active wind-down during gauntlet
SKIP   SAFE      backup_first  — missing prereq from seed reads
SKIP   SAFE      undo_mutation  — missing prereq from seed reads
SKIP   SAFE      undo_last_mutation  — missing prereq from seed reads
SKIP   SAFE      verify_receipt  — needs a receipt id from a prior mutation; skip in safe sweep

61 passed / 0 failed / 163 skipped  (22 calls incl. seeds)
mutations performed: NONE
JSON report written to memory/live-sweep-report.json
batch 4 exit=0; sleeping 1800s before next batch
=== sweep batch 5/30 (2026-08-27T12:21:52Z) — report: memory/live-sweep-report.json ===
resume: 224 already-recorded tool entries loaded from memory/live-sweep-report.json
tools/list: 224 tools discovered
[+] PASS  SAFE get_me                              94ms 
[+] PASS  SAFE search                              422ms 
[+] PASS  SAFE get_user_playlists                  202ms 
SWEEP_COMPLETE: every registered tool is recorded in the report (no FAILs to retry)
SWEEP DONE after 5 batches
LOOP_EXIT:0
report → memory/live-sweep-report.md (224 rows)

finalize: 0 genuine failures, 0 issues filed (rest deduped), 0 quota timeouts, 0 gated 403s
